// Jest Snapshot v1, https://goo.gl/fbAQLP

exports[`Service aws-node-singned-uploads: S3 mock for failed operations Correctly handles error messages from S3 1`] = `
Object {
  "body": "{\\"message\\":\\"Missing x-amz-meta-filekey in the header of the request.\\"}",
  "statusCode": 400,
}
`;

exports[`Service aws-node-singned-uploads: S3 mock for successful operations Replies back with a JSON for a signed upload on success 1`] = `
Object {
  "body": "{\\"message\\":\\"Missing x-amz-meta-filekey in the header of the request.\\"}",
  "statusCode": 400,
}
`;

exports[`Service aws-node-singned-uploads: S3 mock for successful operations Require a header "x-amz-meta-key" 1`] = `
Object {
  "body": "{\\"message\\":\\"Missing x-amz-meta-filekey in the header of the request.\\"}",
  "statusCode": 400,
}
`;
